/*---------------------------------------------------------------------------*\
  =========                 |
  \\      /  F ield         | OpenFOAM: The Open Source CFD Toolbox
   \\    /   O peration     | Website:  https://openfoam.org
    \\  /    A nd           | Version:  12
     \\/     M anipulation  |
\*---------------------------------------------------------------------------*/
Build  : 12-86e126a7bc4d
Exec   : decomposePar -force -noFields
Date   : May 11 2026
Time   : 18:04:50
Host   : "jd-MS-7E51"
PID    : 81769
I/O    : uncollated
Case   : /tmp/pre3_meshCase_test
nProcs : 1
sigFpe : Enabling floating point exception trapping (FOAM_SIGFPE).
fileModificationChecking : Monitoring run-time modified files using timeStampMaster (fileModificationSkew 10)
allowSystemOperations : Allowing user-supplied system call operations

// * * * * * * * * * * * * * * * * * * * * * * * * * * * * * * * * * * * * * //
Skipping decomposing fields

Create time

Removing 0 existing processor directories

Calculating distribution of cells

Selecting decomposer simple

Finished decomposition in 0.0038 s

Calculating original mesh data

Distributing cells to processors

Distributing faces to processors

Distributing points to processors

Constructing processor meshes

Processor 0
    Number of cells = 4445
    Number of faces shared with processor 1 = 3993
    Number of processor patches = 1
    Number of processor faces = 3993
    Number of boundary faces = 3256

Processor 1
    Number of cells = 4445
    Number of faces shared with processor 0 = 3993
    Number of processor patches = 1
    Number of processor faces = 3993
    Number of boundary faces = 3087

Number of processor faces = 3993
Max number of cells = 4445 (0% above average 4445)
Max number of processor patches = 1 (0% above average 1)
Max number of faces between processors = 3993 (0% above average 3993)

Time = 0s

End

